// Jest Snapshot v1, https://goo.gl/fbAQLP

exports[`matches snapshot 1`] = `
<div>
  <button
    class="Button"
  >
    Create Event
  </button>
</div>
`;
