// Jest Snapshot v1, https://goo.gl/fbAQLP

exports[`<CalendarTimeline /> matches snapshot 1`] = `ReactWrapper {}`;
