// Jest Snapshot v1, https://goo.gl/fbAQLP

exports[`<ScheduleBody /> matches snapshot 1`] = `ReactWrapper {}`;
